// Jest Snapshot v1, https://goo.gl/fbAQLP

exports[`DropArea Component renders correctly and matches snapshot 1`] = `
<section
  aria-label="drop-area-section"
  style="height: 10px; background-color: rgb(255, 255, 255); border: 0px; border-radius: 10px; padding: 12px; margin: 0px; text-align: center; opacity: 0; transition: all 0.2s ease-in-out;"
>
  Drop Area
</section>
`;
